     VMA      LMA     Size Align Out     In      Symbol
       0        0 80200000     1 . = 0x80200000
80200000 80200000      a10     2 .text
80200000 80200000        e     2         /var/folders/0g/dvnj40g11wj6tkgm6d8yw5c80000gn/T/kernel-caae33.o:(.text.boot)
80200000 80200000        0     1                 .L0 
80200000 80200000        0     1                 .L0 
80200000 80200000        0     1                 $x
80200000 80200000        0     1                 .L0 
80200000 80200000        e     1                 boot
8020000e 8020000e        0     1                 .L0 
8020000e 8020000e        0     1                 .L0 
8020000e 8020000e      a02     2         /var/folders/0g/dvnj40g11wj6tkgm6d8yw5c80000gn/T/kernel-caae33.o:(.text)
8020000e 8020000e        0     1                 .L0 
8020000e 8020000e        0     1                 .L0 
8020000e 8020000e        0     1                 $x
8020000e 8020000e        0     1                 .L0 
8020000e 8020000e        6     1                 sbi_call
80200012 80200012        0     1                 .L0 
80200014 80200014        0     1                 .L0 
80200014 80200014        0     1                 .L0 
80200014 80200014        0     1                 .L0 
80200014 80200014       14     1                 putchar
80200026 80200026        0     1                 .L0 
80200028 80200028        0     1                 .L0 
80200028 80200028        0     1                 .L0 
80200028 80200028        0     1                 .L0 
80200028 80200028       16     1                 getchar
8020003c 8020003c        0     1                 .L0 
8020003e 8020003e        0     1                 .L0 
8020003e 8020003e        0     1                 .L0 
8020003e 8020003e        0     1                 .L0 
8020003e 8020003e       28     1                 print_str
80200040 80200040        0     1                 .L0 
80200044 80200044        0     1                 .L0 
80200056 80200056        0     1                 .L0 
80200056 80200056        0     1                 .L0 
80200056 80200056        0     1                 .L0 
8020005c 8020005c        0     1                 .L0 
8020005c 8020005c        0     1                 .L0 
80200060 80200060        0     1                 .L0 
80200062 80200062        0     1                 .L0 
80200064 80200064        0     1                 .L0 
80200064 80200064        0     1                 .L0 
80200066 80200066        0     1                 .L0 
80200066 80200066        0     1                 .L0 
80200066 80200066        0     1                 .L0 
80200066 80200066        0     1                 .L0 
80200066 80200066        0     1                 .L0 
80200066 80200066       18     1                 get_sbi_spec_version
8020007c 8020007c        0     1                 .L0 
8020007c 8020007c        0     1                 .L0 
8020007e 8020007e        0     1                 .L0 
8020007e 8020007e        0     1                 .L0 
8020007e 8020007e        0     1                 .L0 
8020007e 8020007e        0     1                 .L0 
8020007e 8020007e       d2     1                 print_sbi_version
80200080 80200080        0     1                 .L0 
80200080 80200080        0     1                 .L0 
80200096 80200096        0     1                 .L0 
80200096 80200096        0     1                 .L0 
802000ac 802000ac        0     1                 .L0 
802000ac 802000ac        0     1                 .L0 
802000c2 802000c2        0     1                 .L0 
802000c2 802000c2        0     1                 .L0 
802000d8 802000d8        0     1                 .L0 
802000d8 802000d8        0     1                 .L0 
802000ee 802000ee        0     1                 .L0 
802000ee 802000ee        0     1                 .L0 
802000f8 802000f8        0     1                 .L0 
802000f8 802000f8        0     1                 .L0 
8020010a 8020010a        0     1                 .L0 
8020010a 8020010a        0     1                 .L0 
80200120 80200120        0     1                 .L0 
80200120 80200120        0     1                 .L0 
80200128 80200128        0     1                 .L0 
80200128 80200128        0     1                 .L0 
8020013a 8020013a        0     1                 .L0 
8020013a 8020013a        0     1                 .L0 
8020014e 8020014e        0     1                 .L0 
8020014e 8020014e        0     1                 .L0 
80200150 80200150        0     1                 .L0 
80200150 80200150        0     1                 .L0 
80200150 80200150        0     1                 .L0 
80200150 80200150        0     1                 .L0 
80200150 80200150       1e     1                 get_number_of_counters
80200158 80200158        0     1                 .L0 
80200158 80200158        0     1                 .L0 
8020016c 8020016c        0     1                 .L0 
8020016c 8020016c        0     1                 .L0 
8020016e 8020016e        0     1                 .L0 
8020016e 8020016e        0     1                 .L0 
8020016e 8020016e        0     1                 .L0 
8020016e 8020016e        0     1                 .L0 
8020016e 8020016e       98     1                 print_number_of_counters
80200170 80200170        0     1                 .L0 
80200172 80200172        0     1                 .L0 
80200172 80200172        0     1                 .L0 
80200176 80200176        0     1                 .L0 
80200188 80200188        0     1                 .L0 
80200188 80200188        0     1                 .L0 
8020018a 8020018a        0     1                 .L0 
8020018a 8020018a        0     1                 .L0 
80200190 80200190        0     1                 .L0 
80200190 80200190        0     1                 .L0 
80200198 80200198        0     1                 .L0 
8020019c 8020019c        0     1                 .L0 
802001a0 802001a0        0     1                 .L0 
802001a2 802001a2        0     1                 .L0 
802001a6 802001a6        0     1                 .L0 
802001aa 802001aa        0     1                 .L0 
802001aa 802001aa        0     1                 .L0 
802001ac 802001ac        0     1                 .L0 
802001ac 802001ac        0     1                 .L0 
802001be 802001be        0     1                 .L0 
802001be 802001be        0     1                 .L0 
802001be 802001be        0     1                 .L0 
802001c6 802001c6        0     1                 .L0 
802001c6 802001c6        0     1                 .L0 
802001cc 802001cc        0     1                 .L0 
802001cc 802001cc        0     1                 .L0 
802001d2 802001d2        0     1                 .L0 
802001d8 802001d8        0     1                 .L0 
802001d8 802001d8        0     1                 .L0 
802001d8 802001d8        0     1                 .L0 
802001dc 802001dc        0     1                 .L0 
802001ee 802001ee        0     1                 .L0 
802001ee 802001ee        0     1                 .L0 
802001ee 802001ee        0     1                 .L0 
80200202 80200202        0     1                 .L0 
80200202 80200202        0     1                 .L0 
80200206 80200206        0     1                 .L0 
80200206 80200206        0     1                 .L0 
80200206 80200206        0     1                 .L0 
80200206 80200206        0     1                 .L0 
80200206 80200206        0     1                 .L0 
80200206 80200206       1e     1                 get_details_of_a_counter
8020020e 8020020e        0     1                 .L0 
8020020e 8020020e        0     1                 .L0 
80200222 80200222        0     1                 .L0 
80200222 80200222        0     1                 .L0 
80200224 80200224        0     1                 .L0 
80200224 80200224        0     1                 .L0 
80200224 80200224        0     1                 .L0 
80200224 80200224        0     1                 .L0 
80200224 80200224      50a     1                 print_counter_details
80200230 80200230        0     1                 .L0 
80200230 80200230        0     1                 .L0 
80200242 80200242        0     1                 .L0 
80200242 80200242        0     1                 .L0 
80200246 80200246        0     1                 .L0 
8020024a 8020024a        0     1                 .L0 
8020024e 8020024e        0     1                 .L0 
80200252 80200252        0     1                 .L0 
80200252 80200252        0     1                 .L0 
80200264 80200264        0     1                 .L0 
80200264 80200264        0     1                 .L0 
80200266 80200266        0     1                 .L0 
80200266 80200266        0     1                 .L0 
80200272 80200272        0     1                 .L0 
80200276 80200276        0     1                 .L0 
80200286 80200286        0     1                 .L0 
80200286 80200286        0     1                 .L0 
80200286 80200286        0     1                 .L0 
8020028c 8020028c        0     1                 .L0 
8020028c 8020028c        0     1                 .L0 
80200290 80200290        0     1                 .L0 
80200292 80200292        0     1                 .L0 
80200296 80200296        0     1                 .L0 
80200296 80200296        0     1                 .L0 
80200296 80200296        0     1                 .L0 
8020029a 8020029a        0     1                 .L0 
8020029a 8020029a        0     1                 .L0 
8020029a 8020029a        0     1                 .L0 
802002a6 802002a6        0     1                 .L0 
802002b8 802002b8        0     1                 .L0 
802002b8 802002b8        0     1                 .L0 
802002b8 802002b8        0     1                 .L0 
802002be 802002be        0     1                 .L0 
802002be 802002be        0     1                 .L0 
802002c2 802002c2        0     1                 .L0 
802002c4 802002c4        0     1                 .L0 
802002ca 802002ca        0     1                 .L0 
802002ca 802002ca        0     1                 .L0 
802002ca 802002ca        0     1                 .L0 
802002cc 802002cc        0     1                 .L0 
802002d8 802002d8        0     1                 .L0 
802002e0 802002e0        0     1                 .L0 
802002e0 802002e0        0     1                 .L0 
802002ee 802002ee        0     1                 .L0 
802002ee 802002ee        0     1                 .L0 
802002ee 802002ee        0     1                 .L0 
802002f4 802002f4        0     1                 .L0 
802002f4 802002f4        0     1                 .L0 
802002f8 802002f8        0     1                 .L0 
802002fa 802002fa        0     1                 .L0 
802002fe 802002fe        0     1                 .L0 
802002fe 802002fe        0     1                 .L0 
80200314 80200314        0     1                 .L0 
8020032a 8020032a        0     1                 .L0 
80200340 80200340        0     1                 .L0 
80200356 80200356        0     1                 .L0 
8020036c 8020036c        0     1                 .L0 
80200372 80200372        0     1                 .L0 
80200372 80200372        0     1                 .L0 
80200376 80200376        0     1                 .L0 
80200376 80200376        0     1                 .L0 
80200378 80200378        0     1                 .L0 
80200378 80200378        0     1                 .L0 
8020038a 8020038a        0     1                 .L0 
8020038a 8020038a        0     1                 .L0 
8020038c 8020038c        0     1                 .L0 
8020038c 8020038c        0     1                 .L0 
80200392 80200392        0     1                 .L0 
80200392 80200392        0     1                 .L0 
8020039a 8020039a        0     1                 .L0 
8020039e 8020039e        0     1                 .L0 
802003a2 802003a2        0     1                 .L0 
802003a4 802003a4        0     1                 .L0 
802003a8 802003a8        0     1                 .L0 
802003ac 802003ac        0     1                 .L0 
802003ae 802003ae        0     1                 .L0 
802003ae 802003ae        0     1                 .L0 
802003c0 802003c0        0     1                 .L0 
802003c0 802003c0        0     1                 .L0 
802003c0 802003c0        0     1                 .L0 
802003c8 802003c8        0     1                 .L0 
802003c8 802003c8        0     1                 .L0 
802003ce 802003ce        0     1                 .L0 
802003ce 802003ce        0     1                 .L0 
802003d4 802003d4        0     1                 .L0 
802003da 802003da        0     1                 .L0 
802003da 802003da        0     1                 .L0 
802003da 802003da        0     1                 .L0 
802003de 802003de        0     1                 .L0 
802003f0 802003f0        0     1                 .L0 
802003f0 802003f0        0     1                 .L0 
802003f0 802003f0        0     1                 .L0 
802003f2 802003f2        0     1                 .L0 
802003f2 802003f2        0     1                 .L0 
80200406 80200406        0     1                 .L0 
80200406 80200406        0     1                 .L0 
8020041c 8020041c        0     1                 .L0 
80200432 80200432        0     1                 .L0 
80200448 80200448        0     1                 .L0 
8020045e 8020045e        0     1                 .L0 
80200474 80200474        0     1                 .L0 
8020048a 8020048a        0     1                 .L0 
802004a0 802004a0        0     1                 .L0 
802004a0 802004a0        0     1                 .L0 
802004a2 802004a2        0     1                 .L0 
802004a4 802004a4        0     1                 .L0 
802004a4 802004a4        0     1                 .L0 
802004b2 802004b2        0     1                 .L0 
802004b2 802004b2        0     1                 .L0 
802004b4 802004b4        0     1                 .L0 
802004b4 802004b4        0     1                 .L0 
802004bc 802004bc        0     1                 .L0 
802004bc 802004bc        0     1                 .L0 
802004c4 802004c4        0     1                 .L0 
802004c8 802004c8        0     1                 .L0 
802004cc 802004cc        0     1                 .L0 
802004ce 802004ce        0     1                 .L0 
802004d2 802004d2        0     1                 .L0 
802004d6 802004d6        0     1                 .L0 
802004d8 802004d8        0     1                 .L0 
802004d8 802004d8        0     1                 .L0 
802004dc 802004dc        0     1                 .L0 
802004ea 802004ea        0     1                 .L0 
802004ea 802004ea        0     1                 .L0 
802004f2 802004f2        0     1                 .L0 
802004f2 802004f2        0     1                 .L0 
802004f8 802004f8        0     1                 .L0 
802004f8 802004f8        0     1                 .L0 
802004fe 802004fe        0     1                 .L0 
80200502 80200502        0     1                 .L0 
80200502 80200502        0     1                 .L0 
80200516 80200516        0     1                 .L0 
80200516 80200516        0     1                 .L0 
8020052c 8020052c        0     1                 .L0 
80200542 80200542        0     1                 .L0 
80200558 80200558        0     1                 .L0 
8020056e 8020056e        0     1                 .L0 
80200584 80200584        0     1                 .L0 
8020059a 8020059a        0     1                 .L0 
8020059a 8020059a        0     1                 .L0 
8020059e 8020059e        0     1                 .L0 
8020059e 8020059e        0     1                 .L0 
802005b4 802005b4        0     1                 .L0 
802005ca 802005ca        0     1                 .L0 
802005e0 802005e0        0     1                 .L0 
802005f6 802005f6        0     1                 .L0 
8020060c 8020060c        0     1                 .L0 
80200622 80200622        0     1                 .L0 
80200638 80200638        0     1                 .L0 
8020064e 8020064e        0     1                 .L0 
80200662 80200662        0     1                 .L0 
80200666 80200666        0     1                 .L0 
80200666 80200666        0     1                 .L0 
80200666 80200666        0     1                 .L0 
8020067c 8020067c        0     1                 .L0 
80200692 80200692        0     1                 .L0 
802006a8 802006a8        0     1                 .L0 
802006be 802006be        0     1                 .L0 
802006d4 802006d4        0     1                 .L0 
802006ea 802006ea        0     1                 .L0 
80200700 80200700        0     1                 .L0 
80200716 80200716        0     1                 .L0 
8020072a 8020072a        0     1                 .L0 
8020072e 8020072e        0     1                 .L0 
8020072e 8020072e        0     1                 .L0 
8020072e 8020072e        0     1                 .L0 
8020072e 8020072e        0     1                 .L0 
8020072e 8020072e        0     1                 .L0 
8020072e 8020072e       9e     1                 get_counter_id_from_input
80200740 80200740        0     1                 .L0 
8020074e 8020074e        0     1                 .L0 
8020074e 8020074e        0     1                 .L0 
8020074e 8020074e        0     1                 .L0 
80200754 80200754        0     1                 .L0 
80200754 80200754        0     1                 .L0 
80200758 80200758        0     1                 .L0 
8020075a 8020075a        0     1                 .L0 
8020075e 8020075e        0     1                 .L0 
8020075e 8020075e        0     1                 .L0 
80200778 80200778        0     1                 .L0 
80200778 80200778        0     1                 .L0 
80200778 80200778        0     1                 .L0 
80200780 80200780        0     1                 .L0 
80200780 80200780        0     1                 .L0 
80200784 80200784        0     1                 .L0 
80200788 80200788        0     1                 .L0 
80200794 80200794        0     1                 .L0 
80200798 80200798        0     1                 .L0 
8020079a 8020079a        0     1                 .L0 
8020079e 8020079e        0     1                 .L0 
802007a0 802007a0        0     1                 .L0 
802007a0 802007a0        0     1                 .L0 
802007a4 802007a4        0     1                 .L0 
802007a8 802007a8        0     1                 .L0 
802007ac 802007ac        0     1                 .L0 
802007ac 802007ac        0     1                 .L0 
802007ae 802007ae        0     1                 .L0 
802007ae 802007ae        0     1                 .L0 
802007b2 802007b2        0     1                 .L0 
802007b4 802007b4        0     1                 .L0 
802007b4 802007b4        0     1                 .L0 
802007b4 802007b4        0     1                 .L0 
802007b8 802007b8        0     1                 .L0 
802007bc 802007bc        0     1                 .L0 
802007bc 802007bc        0     1                 .L0 
802007be 802007be        0     1                 .L0 
802007c0 802007c0        0     1                 .L0 
802007c0 802007c0        0     1                 .L0 
802007c4 802007c4        0     1                 .L0 
802007c4 802007c4        0     1                 .L0 
802007c8 802007c8        0     1                 .L0 
802007c8 802007c8        0     1                 .L0 
802007c8 802007c8        0     1                 .L0 
802007cc 802007cc        0     1                 .L0 
802007cc 802007cc        0     1                 .L0 
802007cc 802007cc        0     1                 .L0 
802007cc 802007cc        0     1                 .L0 
802007cc 802007cc        0     1                 .L0 
802007cc 802007cc       16     1                 system_shutdown
802007e0 802007e0        0     1                 .L0 
802007e0 802007e0        0     1                 .L0 
802007e2 802007e2        0     1                 .L0 
802007e2 802007e2        0     1                 .L0 
802007e2 802007e2        0     1                 .L0 
802007e2 802007e2      22e     1                 kernel_main
80200846 80200846        0     1                 .L0 
80200846 80200846        0     1                 .L0 
80200846 80200846        0     1                 .L0 
8020085c 8020085c        0     1                 .L0 
8020085c 8020085c        0     1                 .L0 
8020085e 8020085e        0     1                 .L0 
8020085e 8020085e        0     1                 .L0 
8020085e 8020085e        0     1                 .L0 
80200872 80200872        0     1                 .L0 
80200872 80200872        0     1                 .L0 
80200876 80200876        0     1                 .L0 
80200876 80200876        0     1                 .L0 
80200878 80200878        0     1                 .L0 
80200878 80200878        0     1                 .L0 
8020087c 8020087c        0     1                 .L0 
8020087c 8020087c        0     1                 .L0 
8020088e 8020088e        0     1                 .L0 
8020088e 8020088e        0     1                 .L0 
802008a2 802008a2        0     1                 .L0 
802008a2 802008a2        0     1                 .L0 
802008a6 802008a6        0     1                 .L0 
802008b2 802008b2        0     1                 .L0 
802008b2 802008b2        0     1                 .L0 
802008c6 802008c6        0     1                 .L0 
802008c6 802008c6        0     1                 .L0 
802008ca 802008ca        0     1                 .L0 
802008ca 802008ca        0     1                 .L0 
802008ce 802008ce        0     1                 .L0 
802008d4 802008d4        0     1                 .L0 
802008d4 802008d4        0     1                 .L0 
802008d8 802008d8        0     1                 .L0 
802008d8 802008d8        0     1                 .L0 
802008de 802008de        0     1                 .L0 
802008de 802008de        0     1                 .L0 
802008e6 802008e6        0     1                 .L0 
802008ea 802008ea        0     1                 .L0 
802008ee 802008ee        0     1                 .L0 
802008ee 802008ee        0     1                 .L0 
802008f2 802008f2        0     1                 .L0 
802008f8 802008f8        0     1                 .L0 
802008f8 802008f8        0     1                 .L0 
802008f8 802008f8        0     1                 .L0 
80200900 80200900        0     1                 .L0 
80200900 80200900        0     1                 .L0 
80200912 80200912        0     1                 .L0 
80200912 80200912        0     1                 .L0 
80200918 80200918        0     1                 .L0 
8020091e 8020091e        0     1                 .L0 
8020091e 8020091e        0     1                 .L0 
8020091e 8020091e        0     1                 .L0 
8020092e 8020092e        0     1                 .L0 
8020092e 8020092e        0     1                 .L0 
80200942 80200942        0     1                 .L0 
80200942 80200942        0     1                 .L0 
80200944 80200944        0     1                 .L0 
80200944 80200944        0     1                 .L0 
80200948 80200948        0     1                 .L0 
80200948 80200948        0     1                 .L0 
80200948 80200948        0     1                 .L0 
8020095a 8020095a        0     1                 .L0 
8020095a 8020095a        0     1                 .L0 
8020095e 8020095e        0     1                 .L0 
80200960 80200960        0     1                 .L0 
80200966 80200966        0     1                 .L0 
80200966 80200966        0     1                 .L0 
80200966 80200966        0     1                 .L0 
8020096c 8020096c        0     1                 .L0 
8020096c 8020096c        0     1                 .L0 
8020096c 8020096c        0     1                 .L0 
8020097e 8020097e        0     1                 .L0 
8020097e 8020097e        0     1                 .L0 
80200982 80200982        0     1                 .L0 
80200984 80200984        0     1                 .L0 
80200988 80200988        0     1                 .L0 
80200988 80200988        0     1                 .L0 
8020098a 8020098a        0     1                 .L0 
8020098a 8020098a        0     1                 .L0 
8020098a 8020098a        0     1                 .L0 
8020099e 8020099e        0     1                 .L0 
8020099e 8020099e        0     1                 .L0 
802009a2 802009a2        0     1                 .L0 
802009a6 802009a6        0     1                 .L0 
802009b2 802009b2        0     1                 .L0 
802009b6 802009b6        0     1                 .L0 
802009b8 802009b8        0     1                 .L0 
802009bc 802009bc        0     1                 .L0 
802009be 802009be        0     1                 .L0 
802009be 802009be        0     1                 .L0 
802009c2 802009c2        0     1                 .L0 
802009c6 802009c6        0     1                 .L0 
802009c6 802009c6        0     1                 .L0 
802009c8 802009c8        0     1                 .L0 
802009c8 802009c8        0     1                 .L0 
802009ca 802009ca        0     1                 .L0 
802009ce 802009ce        0     1                 .L0 
802009ce 802009ce        0     1                 .L0 
802009ce 802009ce        0     1                 .L0 
802009d2 802009d2        0     1                 .L0 
802009d6 802009d6        0     1                 .L0 
802009d6 802009d6        0     1                 .L0 
802009d8 802009d8        0     1                 .L0 
802009da 802009da        0     1                 .L0 
802009da 802009da        0     1                 .L0 
802009de 802009de        0     1                 .L0 
802009de 802009de        0     1                 .L0 
802009e2 802009e2        0     1                 .L0 
802009e2 802009e2        0     1                 .L0 
802009e2 802009e2        0     1                 .L0 
802009e4 802009e4        0     1                 .L0 
802009e4 802009e4        0     1                 .L0 
802009e6 802009e6        0     1                 .L0 
802009e6 802009e6        0     1                 .L0 
802009e6 802009e6        0     1                 .L0 
802009fa 802009fa        0     1                 .L0 
802009fa 802009fa        0     1                 .L0 
802009fa 802009fa        0     1                 .L0 
80200a0e 80200a0e        0     1                 .L0 
80200a0e 80200a0e        0     1                 .L0 
80200a10 80200a10        0     1                 .L0 
80200a10 80200a10        0     1                 .L0 
80200a10 80200a10        0     1                 .L0 
80200a10 80200a10       88     4 .rodata
80200a10 80200a10       88     1         <internal>:(.rodata.str1.1)
80200a98 80200a98        0     4 .bss
80200a98 80200a98        0     1         __bss = .
80200a98 80200a98        0     1         __bss_end = .
80200a98 80200a98        0     1 . = ALIGN ( 4 )
80200a98 80200a98    20000     1 . += 128 * 1024
80220a98 80220a98        0     1 __stack_top = .
       0        0      d3f     1 .debug_loclists
       0        0      d3f     1         /var/folders/0g/dvnj40g11wj6tkgm6d8yw5c80000gn/T/kernel-caae33.o:(.debug_loclists)
       0        0        0     1                 $d
       c        c        0     1                 .L0 
       0        0      1ee     1 .debug_abbrev
       0        0      1ee     1         /var/folders/0g/dvnj40g11wj6tkgm6d8yw5c80000gn/T/kernel-caae33.o:(.debug_abbrev)
       0        0        0     1                 $d
       0        0     1d25     1 .debug_info
       0        0     1d25     1         /var/folders/0g/dvnj40g11wj6tkgm6d8yw5c80000gn/T/kernel-caae33.o:(.debug_info)
       0        0        0     1                 $d
       0        0       3a     1 .debug_rnglists
       0        0       3a     1         /var/folders/0g/dvnj40g11wj6tkgm6d8yw5c80000gn/T/kernel-caae33.o:(.debug_rnglists)
       0        0        0     1                 $d
       c        c        0     1                 .L0 
       0        0       f0     1 .debug_str_offsets
       0        0       f0     1         /var/folders/0g/dvnj40g11wj6tkgm6d8yw5c80000gn/T/kernel-caae33.o:(.debug_str_offsets)
       0        0        0     1                 $d
       8        8        0     1                 .L0 
       0        0      209     1 .debug_str
       0        0      209     1         <internal>:(.debug_str)
       0        0      12c     1 .debug_addr
       0        0      12c     1         /var/folders/0g/dvnj40g11wj6tkgm6d8yw5c80000gn/T/kernel-caae33.o:(.debug_addr)
       0        0        0     1                 $d
       8        8        0     1                 .L0 
       0        0       3b     1 .comment
       0        0       3b     1         <internal>:(.comment)
       0        0       34     1 .riscv.attributes
       0        0       34     1         <internal>:(.riscv.attributes)
       0        0      120     4 .debug_frame
       0        0      120     4         /var/folders/0g/dvnj40g11wj6tkgm6d8yw5c80000gn/T/kernel-caae33.o:(.debug_frame)
       0        0        0     1                 .L0 
       0        0        0     1                 $d
       0        0      730     1 .debug_line
       0        0      730     1         /var/folders/0g/dvnj40g11wj6tkgm6d8yw5c80000gn/T/kernel-caae33.o:(.debug_line)
       0        0        0     1                 .Lline_table_start0
       0        0        0     1                 $d
       0        0       25     1 .debug_line_str
       0        0       25     1         <internal>:(.debug_line_str)
       0        0      220     4 .symtab
       0        0      220     4         <internal>:(.symtab)
       0        0       d6     1 .shstrtab
       0        0       d6     1         <internal>:(.shstrtab)
       0        0      137     1 .strtab
       0        0      137     1         <internal>:(.strtab)
